apiVersion: rbac.authorization.k8s.io/v1
kind: RoleBinding
metadata:
  labels:
    app: gatekeeper
    chart: gatekeeper
    gatekeeper.sh/system: 'yes'
    heritage: Helm
    release: gatekeeper
  name: gatekeeper-manager-rolebinding
  namespace: syn-gatekeeper
roleRef:
  apiGroup: rbac.authorization.k8s.io
  kind: Role
  name: gatekeeper-manager-role
subjects:
  - kind: ServiceAccount
    name: gatekeeper-admin
    namespace: syn-gatekeeper
