apiVersion: v1
kind: Namespace
metadata:
  annotations: {}
  labels:
    admission.gatekeeper.sh/ignore: no-self-managing
    name: syn-gatekeeper
    pod-security.kubernetes.io/audit: restricted
    pod-security.kubernetes.io/enforce: restricted
    pod-security.kubernetes.io/warn: restricted
  name: syn-gatekeeper
