apiVersion: rbac.authorization.k8s.io/v1
kind: ClusterRoleBinding
metadata:
  labels:
    app: gatekeeper
    chart: gatekeeper
    gatekeeper.sh/system: 'yes'
    heritage: Helm
    release: gatekeeper
  name: gatekeeper-manager-rolebinding
roleRef:
  apiGroup: rbac.authorization.k8s.io
  kind: ClusterRole
  name: gatekeeper-manager-role
subjects:
  - kind: ServiceAccount
    name: gatekeeper-admin
    namespace: syn-gatekeeper
